Warning: You are sending unauthenticated requests to the HF Hub. Please set a HF_TOKEN to enable higher rate limits and faster downloads.
/content/lab/code/train.py:196: UserWarning: Detected call of `lr_scheduler.step()` before `optimizer.step()`. In PyTorch 1.1.0 and later, you should call them in the opposite order: `optimizer.step()` before `lr_scheduler.step()`.  Failure to do this will result in PyTorch skipping the first value of the learning rate schedule. See more details at https://pytorch.org/docs/stable/optim.html#how-to-adjust-learning-rate
  scheduler.step()
[B02 s0] ep  1 train_loss 0.7622 val_loss 0.3225 F1 0.8573 top1 0.8946 (61s)
[B02 s0] ep  2 train_loss 0.2961 val_loss 0.2167 F1 0.9108 top1 0.9303 (46s)
[B02 s0] ep  3 train_loss 0.2234 val_loss 0.2005 F1 0.9183 top1 0.9369 (46s)
[B02 s0] ep  4 train_loss 0.1727 val_loss 0.1580 F1 0.9357 top1 0.9520 (46s)
[B02 s0] ep  5 train_loss 0.1457 val_loss 0.1360 F1 0.9473 top1 0.9574 (46s)
[B02 s0] ep  6 train_loss 0.1103 val_loss 0.1628 F1 0.9385 top1 0.9509 (45s)
[B02 s0] ep  7 train_loss 0.0721 val_loss 0.0990 F1 0.9655 top1 0.9732 (46s)
[B02 s0] ep  8 train_loss 0.0625 val_loss 0.0954 F1 0.9650 top1 0.9737 (46s)
[B02 s0] ep  9 train_loss 0.0446 val_loss 0.0914 F1 0.9676 top1 0.9760 (45s)
[B02 s0] ep 10 train_loss 0.0433 val_loss 0.0953 F1 0.9661 top1 0.9749 (46s)
QUEUE {"exp_id": "B02", "status": "ok", "val_macro_f1": 0.9675884081376529, "min": 10.258629457155864}
/content/lab/code/train.py:196: UserWarning: Detected call of `lr_scheduler.step()` before `optimizer.step()`. In PyTorch 1.1.0 and later, you should call them in the opposite order: `optimizer.step()` before `lr_scheduler.step()`.  Failure to do this will result in PyTorch skipping the first value of the learning rate schedule. See more details at https://pytorch.org/docs/stable/optim.html#how-to-adjust-learning-rate
  scheduler.step()
[B03 s0] ep  1 train_loss 0.9111 val_loss 0.3407 F1 0.8496 top1 0.8875 (31s)
[B03 s0] ep  2 train_loss 0.3506 val_loss 0.4462 F1 0.8051 top1 0.8538 (31s)
[B03 s0] ep  3 train_loss 0.2497 val_loss 0.3029 F1 0.8644 top1 0.8986 (31s)
[B03 s0] ep  4 train_loss 0.2027 val_loss 0.1908 F1 0.9150 top1 0.9389 (31s)
[B03 s0] ep  5 train_loss 0.1570 val_loss 0.1715 F1 0.9214 top1 0.9429 (31s)
[B03 s0] ep  6 train_loss 0.1243 val_loss 0.1938 F1 0.9223 top1 0.9449 (31s)
[B03 s0] ep  7 train_loss 0.0922 val_loss 0.1473 F1 0.9400 top1 0.9569 (31s)
[B03 s0] ep  8 train_loss 0.0760 val_loss 0.1398 F1 0.9419 top1 0.9594 (31s)
[B03 s0] ep  9 train_loss 0.0691 val_loss 0.1267 F1 0.9486 top1 0.9643 (31s)
[B03 s0] ep 10 train_loss 0.0593 val_loss 0.1292 F1 0.9477 top1 0.9640 (31s)
QUEUE {"exp_id": "B03", "status": "ok", "val_macro_f1": 0.9485749553169506, "min": 7.034714372952779}
[B04 s0] ep  1 train_loss 0.9981 val_loss 0.3935 F1 0.8400 top1 0.8715 (60s)
[B04 s0] ep  2 train_loss 0.3642 val_loss 0.2760 F1 0.8835 top1 0.9135 (59s)
[B04 s0] ep  3 train_loss 0.2625 val_loss 0.2803 F1 0.8969 top1 0.9115 (59s)
[B04 s0] ep  4 train_loss 0.2081 val_loss 0.1932 F1 0.9173 top1 0.9383 (59s)
[B04 s0] ep  5 train_loss 0.1699 val_loss 0.1369 F1 0.9479 top1 0.9620 (59s)
[B04 s0] ep  6 train_loss 0.1402 val_loss 0.1550 F1 0.9381 top1 0.9552 (59s)
[B04 s0] ep  7 train_loss 0.1048 val_loss 0.1280 F1 0.9505 top1 0.9620 (59s)
[B04 s0] ep  8 train_loss 0.0882 val_loss 0.1459 F1 0.9465 top1 0.9589 (59s)
[B04 s0] ep  9 train_loss 0.0787 val_loss 0.1224 F1 0.9575 top1 0.9683 (59s)
[B04 s0] ep 10 train_loss 0.0730 val_loss 0.1207 F1 0.9570 top1 0.9686 (58s)
QUEUE {"exp_id": "B04", "status": "ok", "val_macro_f1": 0.957506356825206, "min": 12.04011849562327}
[B05 s0] ep  1 train_loss 2.1577 val_loss 1.4657 F1 0.4068 top1 0.5341 (55s)
[B05 s0] ep  2 train_loss 0.8171 val_loss 1.0332 F1 0.5425 top1 0.6550 (27s)
[B05 s0] ep  3 train_loss 0.5661 val_loss 0.8741 F1 0.6213 top1 0.7304 (27s)
[B05 s0] ep  4 train_loss 0.4431 val_loss 0.7671 F1 0.6656 top1 0.7526 (27s)
[B05 s0] ep  5 train_loss 0.3874 val_loss 0.8013 F1 0.6554 top1 0.7586 (27s)
[B05 s0] ep  6 train_loss 0.3265 val_loss 0.6548 F1 0.7137 top1 0.7952 (27s)
[B05 s0] ep  7 train_loss 0.2940 val_loss 0.6188 F1 0.7241 top1 0.8023 (27s)
[B05 s0] ep  8 train_loss 0.2810 val_loss 0.6678 F1 0.7003 top1 0.7829 (27s)
[B05 s0] ep  9 train_loss 0.2626 val_loss 0.6429 F1 0.7148 top1 0.7943 (27s)
[B05 s0] ep 10 train_loss 0.2632 val_loss 0.6496 F1 0.7081 top1 0.7892 (27s)
QUEUE {"exp_id": "B05", "status": "ok", "val_macro_f1": 0.7241221795089973, "min": 6.169412151972453}
[B06 s0] ep  1 train_loss 1.8786 val_loss 1.4183 F1 0.3747 top1 0.5447 (34s)
[B06 s0] ep  2 train_loss 0.7690 val_loss 1.2885 F1 0.4393 top1 0.5870 (22s)
[B06 s0] ep  3 train_loss 0.5465 val_loss 1.1253 F1 0.5008 top1 0.6421 (23s)
[B06 s0] ep  4 train_loss 0.4348 val_loss 0.9742 F1 0.5610 top1 0.6901 (23s)
[B06 s0] ep  5 train_loss 0.3753 val_loss 1.0406 F1 0.5489 top1 0.6752 (23s)
[B06 s0] ep  6 train_loss 0.3259 val_loss 0.8950 F1 0.5793 top1 0.7081 (23s)
[B06 s0] ep  7 train_loss 0.3004 val_loss 0.8577 F1 0.5961 top1 0.7178 (23s)
[B06 s0] ep  8 train_loss 0.2791 val_loss 0.9524 F1 0.5553 top1 0.6889 (23s)
[B06 s0] ep  9 train_loss 0.2697 val_loss 0.8634 F1 0.5895 top1 0.7144 (21s)
[B06 s0] ep 10 train_loss 0.2585 val_loss 0.8478 F1 0.6003 top1 0.7238 (22s)
QUEUE {"exp_id": "B06", "status": "ok", "val_macro_f1": 0.6002608261343464, "min": 4.921348369121551}
QUEUE DONE
CHAIN_END
