/content/lab/code/train.py:196: UserWarning: Detected call of `lr_scheduler.step()` before `optimizer.step()`. In PyTorch 1.1.0 and later, you should call them in the opposite order: `optimizer.step()` before `lr_scheduler.step()`.  Failure to do this will result in PyTorch skipping the first value of the learning rate schedule. See more details at https://pytorch.org/docs/stable/optim.html#how-to-adjust-learning-rate
  scheduler.step()
[T01 s0] ep  1 train_loss 1.7031 val_loss 1.5952 F1 0.1147 top1 0.5250 (65s)
[T01 s0] ep  2 train_loss 1.5972 val_loss 1.5685 F1 0.1263 top1 0.5196 (56s)
[T01 s0] ep  3 train_loss 1.5287 val_loss 1.4362 F1 0.1536 top1 0.5378 (56s)
[T01 s0] ep  4 train_loss 1.4758 val_loss 1.4106 F1 0.1700 top1 0.5453 (56s)
[T01 s0] ep  5 train_loss 1.4146 val_loss 1.3571 F1 0.2128 top1 0.5567 (57s)
[T01 s0] ep  6 train_loss 1.3699 val_loss 1.4796 F1 0.2362 top1 0.4919 (56s)
[T01 s0] ep  7 train_loss 1.3139 val_loss 1.5183 F1 0.2249 top1 0.4984 (56s)
[T01 s0] ep  8 train_loss 1.2899 val_loss 1.3554 F1 0.2999 top1 0.5490 (56s)
[T01 s0] ep  9 train_loss 1.2600 val_loss 1.3775 F1 0.2731 top1 0.5381 (56s)
[T01 s0] ep 10 train_loss 1.2539 val_loss 1.3475 F1 0.2900 top1 0.5490 (56s)
QUEUE {"exp_id": "T01", "status": "ok", "val_macro_f1": 0.2998909928061461, "min": 11.727653229236603}
Warning: You are sending unauthenticated requests to the HF Hub. Please set a HF_TOKEN to enable higher rate limits and faster downloads.
/content/lab/code/train.py:196: UserWarning: Detected call of `lr_scheduler.step()` before `optimizer.step()`. In PyTorch 1.1.0 and later, you should call them in the opposite order: `optimizer.step()` before `lr_scheduler.step()`.  Failure to do this will result in PyTorch skipping the first value of the learning rate schedule. See more details at https://pytorch.org/docs/stable/optim.html#how-to-adjust-learning-rate
  scheduler.step()
[T02 s0] ep  1 train_loss 1.2360 val_loss 0.6715 F1 0.7292 top1 0.7915 (21s)
[T02 s0] ep  2 train_loss 0.6072 val_loss 0.5027 F1 0.7860 top1 0.8349 (21s)
[T02 s0] ep  3 train_loss 0.5071 val_loss 0.4705 F1 0.8051 top1 0.8478 (20s)
[T02 s0] ep  4 train_loss 0.4592 val_loss 0.4401 F1 0.8138 top1 0.8538 (21s)
[T02 s0] ep  5 train_loss 0.4313 val_loss 0.4397 F1 0.8164 top1 0.8586 (21s)
[T02 s0] ep  6 train_loss 0.4095 val_loss 0.4029 F1 0.8346 top1 0.8703 (21s)
[T02 s0] ep  7 train_loss 0.3926 val_loss 0.3932 F1 0.8375 top1 0.8720 (21s)
[T02 s0] ep  8 train_loss 0.3828 val_loss 0.3892 F1 0.8405 top1 0.8749 (21s)
[T02 s0] ep  9 train_loss 0.3816 val_loss 0.3896 F1 0.8429 top1 0.8769 (21s)
[T02 s0] ep 10 train_loss 0.3778 val_loss 0.3875 F1 0.8433 top1 0.8772 (21s)
QUEUE {"exp_id": "T02", "status": "ok", "val_macro_f1": 0.8433298692863913, "min": 4.792523487408956}
/content/lab/code/train.py:196: UserWarning: Detected call of `lr_scheduler.step()` before `optimizer.step()`. In PyTorch 1.1.0 and later, you should call them in the opposite order: `optimizer.step()` before `lr_scheduler.step()`.  Failure to do this will result in PyTorch skipping the first value of the learning rate schedule. See more details at https://pytorch.org/docs/stable/optim.html#how-to-adjust-learning-rate
  scheduler.step()
[T03 s0] ep  1 train_loss 0.7734 val_loss 0.4289 F1 0.7861 top1 0.8463 (57s)
[T03 s0] ep  2 train_loss 0.3422 val_loss 0.2278 F1 0.9099 top1 0.9246 (57s)
[T03 s0] ep  3 train_loss 0.2524 val_loss 0.1956 F1 0.9240 top1 0.9392 (56s)
[T03 s0] ep  4 train_loss 0.1894 val_loss 0.1706 F1 0.9309 top1 0.9446 (56s)
[T03 s0] ep  5 train_loss 0.1679 val_loss 0.1378 F1 0.9418 top1 0.9552 (56s)
[T03 s0] ep  6 train_loss 0.1195 val_loss 0.1197 F1 0.9548 top1 0.9629 (55s)
[T03 s0] ep  7 train_loss 0.0947 val_loss 0.1102 F1 0.9631 top1 0.9706 (55s)
[T03 s0] ep  8 train_loss 0.0666 val_loss 0.1175 F1 0.9613 top1 0.9694 (54s)
[T03 s0] ep  9 train_loss 0.0572 val_loss 0.1134 F1 0.9620 top1 0.9703 (55s)
[T03 s0] ep 10 train_loss 0.0497 val_loss 0.1149 F1 0.9619 top1 0.9700 (55s)
QUEUE {"exp_id": "T03", "status": "ok", "val_macro_f1": 0.9630686668924869, "min": 10.79603279431661}
/content/lab/code/train.py:196: UserWarning: Detected call of `lr_scheduler.step()` before `optimizer.step()`. In PyTorch 1.1.0 and later, you should call them in the opposite order: `optimizer.step()` before `lr_scheduler.step()`.  Failure to do this will result in PyTorch skipping the first value of the learning rate schedule. See more details at https://pytorch.org/docs/stable/optim.html#how-to-adjust-learning-rate
  scheduler.step()
[T04 s0] ep  1 train_loss 0.8556 val_loss 0.3171 F1 0.8599 top1 0.8906 (57s)
[T04 s0] ep  2 train_loss 0.3949 val_loss 0.2813 F1 0.8705 top1 0.9043 (56s)
[T04 s0] ep  3 train_loss 0.3169 val_loss 0.1912 F1 0.9267 top1 0.9414 (56s)
[T04 s0] ep  4 train_loss 0.2326 val_loss 0.1240 F1 0.9479 top1 0.9583 (56s)
[T04 s0] ep  5 train_loss 0.2067 val_loss 0.1418 F1 0.9423 top1 0.9532 (56s)
[T04 s0] ep  6 train_loss 0.1615 val_loss 0.1116 F1 0.9585 top1 0.9672 (56s)
[T04 s0] ep  7 train_loss 0.1310 val_loss 0.0887 F1 0.9695 top1 0.9774 (55s)
[T04 s0] ep  8 train_loss 0.0921 val_loss 0.0959 F1 0.9669 top1 0.9746 (55s)
[T04 s0] ep  9 train_loss 0.0878 val_loss 0.0887 F1 0.9673 top1 0.9749 (55s)
[T04 s0] ep 10 train_loss 0.0836 val_loss 0.0840 F1 0.9703 top1 0.9774 (54s)
QUEUE {"exp_id": "T04", "status": "ok", "val_macro_f1": 0.9702789422086826, "min": 11.233287461598714}
/content/lab/code/train.py:196: UserWarning: Detected call of `lr_scheduler.step()` before `optimizer.step()`. In PyTorch 1.1.0 and later, you should call them in the opposite order: `optimizer.step()` before `lr_scheduler.step()`.  Failure to do this will result in PyTorch skipping the first value of the learning rate schedule. See more details at https://pytorch.org/docs/stable/optim.html#how-to-adjust-learning-rate
  scheduler.step()
[T05 s0] ep  1 train_loss 1.1719 val_loss 0.2996 F1 0.8657 top1 0.9006 (57s)
[T05 s0] ep  2 train_loss 0.7935 val_loss 0.2392 F1 0.9116 top1 0.9329 (56s)
[T05 s0] ep  3 train_loss 0.7129 val_loss 0.3173 F1 0.8795 top1 0.9072 (57s)
[T05 s0] ep  4 train_loss 0.6616 val_loss 0.1511 F1 0.9465 top1 0.9572 (57s)
[T05 s0] ep  5 train_loss 0.5850 val_loss 0.1693 F1 0.9359 top1 0.9437 (57s)
[T05 s0] ep  6 train_loss 0.5735 val_loss 0.1358 F1 0.9497 top1 0.9612 (57s)
[T05 s0] ep  7 train_loss 0.5369 val_loss 0.0973 F1 0.9651 top1 0.9723 (56s)
[T05 s0] ep  8 train_loss 0.5320 val_loss 0.0984 F1 0.9639 top1 0.9714 (56s)
[T05 s0] ep  9 train_loss 0.5048 val_loss 0.0788 F1 0.9730 top1 0.9791 (57s)
[T05 s0] ep 10 train_loss 0.4914 val_loss 0.0803 F1 0.9712 top1 0.9780 (57s)
QUEUE {"exp_id": "T05", "status": "ok", "val_macro_f1": 0.9730376383740725, "min": 11.480399306615194}
/content/lab/code/train.py:196: UserWarning: Detected call of `lr_scheduler.step()` before `optimizer.step()`. In PyTorch 1.1.0 and later, you should call them in the opposite order: `optimizer.step()` before `lr_scheduler.step()`.  Failure to do this will result in PyTorch skipping the first value of the learning rate schedule. See more details at https://pytorch.org/docs/stable/optim.html#how-to-adjust-learning-rate
  scheduler.step()
